Microchip MPLAB XC8 Compiler V2.46

Linker command line:

-W-3 \
  --edf=C:\Program Files\Microchip\xc8\v2.46\pic\dat\20240104201356_en.msgs \
  -cn -h+dist/default/production\SecretBox.X.production.sym \
  --cmf=dist/default/production\SecretBox.X.production.cmf -z -Q18F47K42 \
  -oC:\Users\Calvin\AppData\Local\Temp\xcAsms8.\driver_tmp_3.o \
  --defsym=__MPLAB_BUILD=1 --fixupoverflow=error \
  -Mdist/default/production/SecretBox.X.production.map \
  --md=C:\Users\Calvin\AppData\Local\Temp\xcAsms8.\driver_tmp_0.dat -E1 \
  -ver=XC8 Compiler --acfsm=1493 -ACODE=00h-01FFFFh -ACONST=00h-01FFFFh \
  -ASMALLCONST=02000h-020FFhx480 \
  -AMEDIUMCONST=02000h-0FFFFh,012000h-01FFFFh -ACOMRAM=01h-05Fh \
  -AABS1=00h-01FFFh -ABIGRAM=01h-01FFFh -ARAM=060h-0FFh,0100h-01FFhx31 \
  -ABANK0=060h-0FFh -ABANK1=0100h-01FFh -ABANK2=0200h-02FFh \
  -ABANK3=0300h-03FFh -ABANK4=0400h-04FFh -ABANK5=0500h-05FFh \
  -ABANK6=0600h-06FFh -ABANK7=0700h-07FFh -ABANK8=0800h-08FFh \
  -ABANK9=0900h-09FFh -ABANK10=0A00h-0AFFh -ABANK11=0B00h-0BFFh \
  -ABANK12=0C00h-0CFFh -ABANK13=0D00h-0DFFh -ABANK14=0E00h-0EFFh \
  -ABANK15=0F00h-0FFFh -ABANK16=01000h-010FFh -ABANK17=01100h-011FFh \
  -ABANK18=01200h-012FFh -ABANK19=01300h-013FFh -ABANK20=01400h-014FFh \
  -ABANK21=01500h-015FFh -ABANK22=01600h-016FFh -ABANK23=01700h-017FFh \
  -ABANK24=01800h-018FFh -ABANK25=01900h-019FFh -ABANK26=01A00h-01AFFh \
  -ABANK27=01B00h-01BFFh -ABANK28=01C00h-01CFFh -ABANK29=01D00h-01DFFh \
  -ABANK30=01E00h-01EFFh -ABANK31=01F00h-01FFFh \
  -ASFR=03800h-038FFhx7,03F00h-03F5Fh,03F60h-03FFFh -ABIGSFR=03800h-03FFFh \
  -ACONFIG=0300000h-0300009h -AIDLOC=0200000h-020000Fh \
  -AEEDATA=0310000h-03103FFh -peeprom_data=EEDATA -preset_vec=00h \
  -ppowerup=CODE,init -pramtop=02000h -psmallconst=SMALLCONST \
  -pmediumconst=MEDIUMCONST -pconst=CONST -AFARRAM=00h-00h \
  -prdata=COMRAM,nvrram=COMRAM,nvbit=COMRAM,rbss=COMRAM,rbit=COMRAM \
  -pfarbss=FARRAM,fardata=FARRAM,nvFARRAM=FARRAM \
  -pintsave_regs=BIGRAM,bigbss=BIGRAM,bigdata=BIGRAM -pbss=RAM \
  -pidata=CODE,irdata=CODE,ibigdata=CODE,ifardata=CODE -prparam=COMRAM \
  C:\Users\Calvin\AppData\Local\Temp\xcAsms8.\driver_tmp_9.o \
  dist/default/production\SecretBox.X.production.o 

Object code version is 3.11

Machine type is 18F47K42



                Name                               Link     Load   Length Selector   Space Scale
C:\Users\Calvin\AppData\Local\Temp\xcAsms8.\driver_tmp_9.o
                config                           300000   300000        A        0       4
                init                              1FFFC    1FFFC        4     FFFE       0
                reset_vec                             0        0        4        0       0
dist/default/production\SecretBox.X.production.o
                config                           300000   300000        A        0       4
                smallconst                         2000     2000       24     1000       0
                text7                              291E     291E      104     1012       0
                text6                              2024     2024      44E     1012       0
                text5                              276A     276A      1B4     1012       0
                text4                              2A22     2A22       E2     1012       0
                text3                              2BDA     2BDA       7A     1012       0
                text2                              2B04     2B04       D6     1012       0
                text1                              2C54     2C54       6C     1012       0
                text0                              2472     2472      2F8     1012       0
                cstackCOMRAM                          1        1       31        1       1
                dataCOMRAM                           4A       4A        6        1       1
                bssCOMRAM                            32       32       18        1       1
                cinit                              2CC0     2CC0       3C     1012       0
                nvCOMRAM                             50       50        4        1       1
                idataCOMRAM                        2CFC     2CFC        6     1012       0

TOTAL           Name                               Link     Load   Length     Space
        CLASS   CODE           
                init                              1FFFC    1FFFC        4         0
                reset_vec                             0        0        4         0
                text7                              291E     291E      104         0
                text6                              2024     2024      44E         0
                text5                              276A     276A      1B4         0
                text4                              2A22     2A22       E2         0
                text3                              2BDA     2BDA       7A         0
                text2                              2B04     2B04       D6         0
                text1                              2C54     2C54       6C         0
                text0                              2472     2472      2F8         0
                cinit                              2CC0     2CC0       3C         0
                idataCOMRAM                        2CFC     2CFC        6         0

        CLASS   CONST          

        CLASS   SMALLCONST     
                smallconst                         2000     2000       24         0

        CLASS   MEDIUMCONST    

        CLASS   COMRAM         
                cstackCOMRAM                          1        1       31         1
                dataCOMRAM                           4A       4A        6         1
                bssCOMRAM                            32       32       18         1
                nvCOMRAM                             50       50        4         1

        CLASS   ABS1           

        CLASS   BIGRAM         

        CLASS   RAM            

        CLASS   BANK0          

        CLASS   BANK1          

        CLASS   BANK2          

        CLASS   BANK3          

        CLASS   BANK4          

        CLASS   BANK5          

        CLASS   BANK6          

        CLASS   BANK7          

        CLASS   BANK8          

        CLASS   BANK9          

        CLASS   BANK10         

        CLASS   BANK11         

        CLASS   BANK12         

        CLASS   BANK13         

        CLASS   BANK14         

        CLASS   BANK15         

        CLASS   BANK16         

        CLASS   BANK17         

        CLASS   BANK18         

        CLASS   BANK19         

        CLASS   BANK20         

        CLASS   BANK21         

        CLASS   BANK22         

        CLASS   BANK23         

        CLASS   BANK24         

        CLASS   BANK25         

        CLASS   BANK26         

        CLASS   BANK27         

        CLASS   BANK28         

        CLASS   BANK29         

        CLASS   BANK30         

        CLASS   BANK31         

        CLASS   SFR            

        CLASS   BIGSFR         

        CLASS   CONFIG         
                config                           300000   300000        A         4

        CLASS   IDLOC          

        CLASS   EEDATA         

        CLASS   FARRAM         

        CLASS   HEAP           

        CLASS   STACK          



SEGMENTS        Name                           Load    Length   Top    Selector   Space  Class

                reset_vec                      000000  000004  000004         0       0  CODE    
                cstackCOMRAM                   000001  000053  000054         1       1  COMRAM  
                smallconst                     002000  000024  002024      1000       0  SMALLCON
                text6                          002024  000CDE  002D02      1012       0  CODE    
                init                           01FFFC  000004  020000      FFFE       0  CODE    


UNUSED ADDRESS RANGES

        Name                Unused          Largest block    Delta
        BANK0            000060-0000FF               A0
        BANK1            000100-0001FF              100
        BANK10           000A00-000AFF              100
        BANK11           000B00-000BFF              100
        BANK12           000C00-000CFF              100
        BANK13           000D00-000DFF              100
        BANK14           000E00-000EFF              100
        BANK15           000F00-000FFF              100
        BANK16           001000-0010FF              100
        BANK17           001100-0011FF              100
        BANK18           001200-0012FF              100
        BANK19           001300-0013FF              100
        BANK2            000200-0002FF              100
        BANK20           001400-0014FF              100
        BANK21           001500-0015FF              100
        BANK22           001600-0016FF              100
        BANK23           001700-0017FF              100
        BANK24           001800-0018FF              100
        BANK25           001900-0019FF              100
        BANK26           001A00-001AFF              100
        BANK27           001B00-001BFF              100
        BANK28           001C00-001CFF              100
        BANK29           001D00-001DFF              100
        BANK3            000300-0003FF              100
        BANK30           001E00-001EFF              100
        BANK31           001F00-001FFF              100
        BANK4            000400-0004FF              100
        BANK5            000500-0005FF              100
        BANK6            000600-0006FF              100
        BANK7            000700-0007FF              100
        BANK8            000800-0008FF              100
        BANK9            000900-0009FF              100
        BIGRAM           000054-001FFF             1FAC
        BIGSFR           003800-003FFF              800
        CODE             000004-001FFF             1FFC
                         002D02-01FFFB            1D2FA
        COMRAM           000054-00005F                C
        CONST            000004-001FFF             1FFC
                         002D02-01FFFB            1D2FA
        EEDATA           310000-3103FF              400
        IDLOC            200000-20000F               10
        MEDIUMCONST      002D02-00FFFF             D2FE
                         012000-01FFFB             DFFC
        RAM              000060-001FFF              100
        SFR              003800-003FFF              100
        SMALLCONST       002D02-01FFFB              100

                                  Symbol Table

?___flmul                 cstackCOMRAM 00000F
?___xxtofl                cstackCOMRAM 000001
?_conv                    cstackCOMRAM 000028
_ADACQH                   (abs)        003EF4
_ADACQL                   (abs)        003EF3
_ADCLK                    (abs)        003EFF
_ADCON0bits               (abs)        003EF8
_ADPCH                    (abs)        003EF1
_ADPREH                   (abs)        003EF7
_ADPREL                   (abs)        003EF6
_ADRESH                   (abs)        003EF0
_ADRESL                   (abs)        003EEF
_ANSELAbits               (abs)        003A40
_ANSELB                   (abs)        003A50
_ANSELC                   (abs)        003A60
_ANSELD                   (abs)        003A70
_HCode                    dataCOMRAM   00004E
_LCode                    dataCOMRAM   00004C
_PORTB                    (abs)        003FCB
_PORTBbits                (abs)        003FCB
_PORTC                    (abs)        003FCC
_PORTCbits                (abs)        003FCC
_PORTD                    (abs)        003FCD
_TRISA                    (abs)        003FC2
_TRISAbits                (abs)        003FC2
_TRISB                    (abs)        003FC3
_TRISC                    (abs)        003FC4
_TRISD                    (abs)        003FC5
__HRAM                    (abs)        000000
__H__absolute__           __absolute__ 000000
__Habs1                   abs1         000000
__Hbank0                  bank0        000000
__Hbank1                  bank1        000000
__Hbank10                 bank10       000000
__Hbank11                 bank11       000000
__Hbank12                 bank12       000000
__Hbank13                 bank13       000000
__Hbank14                 bank14       000000
__Hbank15                 bank15       000000
__Hbank16                 bank16       000000
__Hbank17                 bank17       000000
__Hbank18                 bank18       000000
__Hbank19                 bank19       000000
__Hbank2                  bank2        000000
__Hbank20                 bank20       000000
__Hbank21                 bank21       000000
__Hbank22                 bank22       000000
__Hbank23                 bank23       000000
__Hbank24                 bank24       000000
__Hbank25                 bank25       000000
__Hbank26                 bank26       000000
__Hbank27                 bank27       000000
__Hbank28                 bank28       000000
__Hbank29                 bank29       000000
__Hbank3                  bank3        000000
__Hbank30                 bank30       000000
__Hbank31                 bank31       000000
__Hbank4                  bank4        000000
__Hbank5                  bank5        000000
__Hbank6                  bank6        000000
__Hbank7                  bank7        000000
__Hbank8                  bank8        000000
__Hbank9                  bank9        000000
__Hbigbss                 bigbss       000000
__Hbigdata                bigdata      000000
__Hbigram                 bigram       000000
__Hbigsfr                 bigsfr       000000
__Hbss                    bss          000000
__HbssCOMRAM              bssCOMRAM    000000
__Hcinit                  cinit        000000
__Hclrtext                clrtext      000000
__Hcomram                 comram       000000
__Hconfig                 config       30000A
__Hconst                  const        000000
__HcstackCOMRAM           cstackCOMRAM 000000
__Hdata                   data         000000
__HdataCOMRAM             dataCOMRAM   000000
__Heeprom_data            eeprom_data  000000
__Hfarbss                 farbss       000000
__Hfardata                fardata      000000
__Hheap                   heap         000000
__Hibigdata               ibigdata     000000
__Hidata                  idata        000000
__HidataCOMRAM            idataCOMRAM  000000
__Hidloc                  idloc        000000
__Hifardata               ifardata     000000
__Hinit                   init         020000
__Hintsave_regs           intsave_regs 000000
__Hirdata                 irdata       000000
__Hmediumconst            mediumconst  000000
__HnvCOMRAM               nvCOMRAM     000000
__HnvFARRAM               nvFARRAM     000000
__Hnvbit                  nvbit        000000
__Hnvrram                 nvrram       000000
__Hparam                  rparam       000000
__Hpowerup                powerup      000000
__Hram                    ram          000000
__Hramtop                 ramtop       002000
__Hrbit                   rbit         000000
__Hrbss                   rbss         000000
__Hrdata                  rdata        000000
__Hreset_vec              reset_vec    000004
__Hrparam                 rparam       000000
__Hsfr                    sfr          000000
__Hsmallconst             smallconst   002024
__Hspace_0                (abs)        020000
__Hspace_1                (abs)        000054
__Hspace_2                (abs)        000000
__Hspace_4                (abs)        60000A
__Hstack                  stack        000000
__Hstruct                 struct       000000
__Htemp                   temp         000000
__Htext                   text         000000
__Htext0                  text0        000000
__Htext1                  text1        000000
__Htext2                  text2        000000
__Htext3                  text3        000000
__Htext4                  text4        000000
__Htext5                  text5        000000
__Htext6                  text6        000000
__Htext7                  text7        000000
__LRAM                    (abs)        000001
__L__absolute__           __absolute__ 000000
__Labs1                   abs1         000000
__Lbank0                  bank0        000000
__Lbank1                  bank1        000000
__Lbank10                 bank10       000000
__Lbank11                 bank11       000000
__Lbank12                 bank12       000000
__Lbank13                 bank13       000000
__Lbank14                 bank14       000000
__Lbank15                 bank15       000000
__Lbank16                 bank16       000000
__Lbank17                 bank17       000000
__Lbank18                 bank18       000000
__Lbank19                 bank19       000000
__Lbank2                  bank2        000000
__Lbank20                 bank20       000000
__Lbank21                 bank21       000000
__Lbank22                 bank22       000000
__Lbank23                 bank23       000000
__Lbank24                 bank24       000000
__Lbank25                 bank25       000000
__Lbank26                 bank26       000000
__Lbank27                 bank27       000000
__Lbank28                 bank28       000000
__Lbank29                 bank29       000000
__Lbank3                  bank3        000000
__Lbank30                 bank30       000000
__Lbank31                 bank31       000000
__Lbank4                  bank4        000000
__Lbank5                  bank5        000000
__Lbank6                  bank6        000000
__Lbank7                  bank7        000000
__Lbank8                  bank8        000000
__Lbank9                  bank9        000000
__Lbigbss                 bigbss       000000
__Lbigdata                bigdata      000000
__Lbigram                 bigram       000000
__Lbigsfr                 bigsfr       000000
__Lbss                    bss          000000
__LbssCOMRAM              bssCOMRAM    000000
__Lcinit                  cinit        000000
__Lclrtext                clrtext      000000
__Lcomram                 comram       000000
__Lconfig                 config       000000
__Lconst                  const        000000
__LcstackCOMRAM           cstackCOMRAM 000000
__Ldata                   data         000000
__LdataCOMRAM             dataCOMRAM   000000
__Leeprom_data            eeprom_data  000000
__Lfarbss                 farbss       000000
__Lfardata                fardata      000000
__Lheap                   heap         000000
__Libigdata               ibigdata     000000
__Lidata                  idata        000000
__LidataCOMRAM            idataCOMRAM  000000
__Lidloc                  idloc        000000
__Lifardata               ifardata     000000
__Linit                   init         01FFFC
__Lintsave_regs           intsave_regs 000000
__Lirdata                 irdata       000000
__Lmediumconst            mediumconst  000000
__LnvCOMRAM               nvCOMRAM     000000
__LnvFARRAM               nvFARRAM     000000
__Lnvbit                  nvbit        000000
__Lnvrram                 nvrram       000000
__Lparam                  rparam       000000
__Lpowerup                powerup      000000
__Lram                    ram          000000
__Lramtop                 ramtop       002000
__Lrbit                   rbit         000000
__Lrbss                   rbss         000000
__Lrdata                  rdata        000000
__Lreset_vec              reset_vec    000000
__Lrparam                 rparam       000000
__Lsfr                    sfr          000000
__Lsmallconst             smallconst   002000
__Lspace_0                (abs)        000000
__Lspace_1                (abs)        000000
__Lspace_2                (abs)        000000
__Lspace_4                (abs)        000000
__Lstack                  stack        000000
__Lstruct                 struct       000000
__Ltemp                   temp         000000
__Ltext                   text         000000
__Ltext0                  text0        000000
__Ltext1                  text1        000000
__Ltext2                  text2        000000
__Ltext3                  text3        000000
__Ltext4                  text4        000000
__Ltext5                  text5        000000
__Ltext6                  text6        000000
__Ltext7                  text7        000000
__S0                      (abs)        020000
__S1                      (abs)        000054
__S4                      (abs)        000000
__S5                      (abs)        000000
___flge                   text7        00291E
___flge@ff1               cstackCOMRAM 000001
___flge@ff2               cstackCOMRAM 000005
___flmul                  text6        002024
___flmul@a                cstackCOMRAM 000013
___flmul@aexp             cstackCOMRAM 000020
___flmul@b                cstackCOMRAM 00000F
___flmul@bexp             cstackCOMRAM 000021
___flmul@grs              cstackCOMRAM 00001C
___flmul@prod             cstackCOMRAM 000022
___flmul@sign             cstackCOMRAM 00001B
___flmul@temp             cstackCOMRAM 000026
___heap_hi                (abs)        000000
___heap_lo                (abs)        000000
___inthi_sp               stack        000000
___inthi_stack_hi         stack        000000
___inthi_stack_lo         stack        000000
___intlo_sp               stack        000000
___intlo_stack_hi         stack        000000
___intlo_stack_lo         stack        000000
___param_bank             (abs)        000000
___rparam_used            (abs)        000001
___sp                     stack        000000
___stack_hi               stack        000000
___stack_lo               stack        000000
___xxtofl                 text5        00276A
___xxtofl@arg             cstackCOMRAM 00000B
___xxtofl@exp             cstackCOMRAM 00000A
___xxtofl@sign            cstackCOMRAM 000009
___xxtofl@val             cstackCOMRAM 000001
__accesstop               (abs)        000060
__activetblptr            (abs)        000001
__end_of___flge           text7        002A22
__end_of___flmul          text6        002472
__end_of___xxtofl         text5        00291E
__end_of__initialization  cinit        002CEE
__end_of_conv             text4        002B04
__end_of_error            text3        002C54
__end_of_main             text0        00276A
__end_of_scanKeypad       text2        002BDA
__end_of_segmentPatterns  smallconst   002023
__end_of_setupPorts       text1        002CC0
__end_ofscanKeypad@F16536 smallconst   002019
__initialization          cinit        002CC0
__mediumconst             mediumconst  000000
__pbssCOMRAM              bssCOMRAM    000032
__pcinit                  cinit        002CC0
__pcstackCOMRAM           cstackCOMRAM 000001
__pdataCOMRAM             dataCOMRAM   00004A
__pidataCOMRAM            idataCOMRAM  002CFC
__pnvCOMRAM               nvCOMRAM     000050
__psmallconst             smallconst   002000
__ptext0                  text0        002472
__ptext1                  text1        002C54
__ptext2                  text2        002B04
__ptext3                  text3        002BDA
__ptext4                  text4        002A22
__ptext5                  text5        00276A
__ptext6                  text6        002024
__ptext7                  text7        00291E
__ramtop                  ramtop       002000
__smallconst              smallconst   002000
_conv                     text4        002A22
_countA                   bssCOMRAM    000046
_countB                   bssCOMRAM    000044
_data                     bssCOMRAM    000032
_digital                  bssCOMRAM    000048
_error                    text3        002BDA
_main                     text0        002472
_prA                      nvCOMRAM     000052
_prB                      nvCOMRAM     000050
_pressedKey               dataCOMRAM   00004A
_scanKeypad               text2        002B04
_segmentPatterns          smallconst   002019
_setupPorts               text1        002C54
_temp                     bssCOMRAM    000040
_vSwitch                  bssCOMRAM    000042
_voltage                  bssCOMRAM    00003C
end_of_initialization     cinit        002CEE
error@i                   cstackCOMRAM 000003
intlevel0                 text         000000
intlevel1                 text         000000
intlevel2                 text         000000
intlevel3                 text         000000
isa$std                   (abs)        000001
isa$xinst                 (abs)        000000
main@pattern_234          cstackCOMRAM 00002E
main@pattern_235          cstackCOMRAM 00002F
main@pattern_236          cstackCOMRAM 000030
main@pattern_237          cstackCOMRAM 000031
scanKeypad@F16536         smallconst   002001
scanKeypad@col            cstackCOMRAM 00001D
scanKeypad@keypadLayout   cstackCOMRAM 000003
scanKeypad@row            cstackCOMRAM 00001B
stackhi                   (abs)        000000
stacklo                   (abs)        000000
start                     init         01FFFC
start_initialization      cinit        002CC0


MODULE INFORMATION

Module		Function		Class		Link	Load	Size
C:\Program Files\Microchip\xc8\v2.46\pic\sources\c99\common\xxtofl.c
		___xxtofl      		CODE           	276A	0000	436

C:\Program Files\Microchip\xc8\v2.46\pic\sources\c99\common\xxtofl.c estimated size: 436

C:\Program Files\Microchip\xc8\v2.46\pic\sources\c99\common\sprcmul.c
		___flmul       		CODE           	2024	0000	1102

C:\Program Files\Microchip\xc8\v2.46\pic\sources\c99\common\sprcmul.c estimated size: 1102

shared
		scanKeypad@F16536		SMALLCONST     	2001	0000	24
		__initialization		CODE           	2CC0	0000	46
		_segmentPatterns		SMALLCONST     	2019	0000	10

shared estimated size: 80

main.c
		_main          		CODE           	2472	0000	760
		_conv          		CODE           	2A22	0000	226
		_error         		CODE           	2BDA	0000	122
		_setupPorts    		CODE           	2C54	0000	108
		_scanKeypad    		CODE           	2B04	0000	214

main.c estimated size: 1430

C:\Program Files\Microchip\xc8\v2.46\pic\sources\c99\common\flge.c
		___flge        		CODE           	291E	0000	260

C:\Program Files\Microchip\xc8\v2.46\pic\sources\c99\common\flge.c estimated size: 260

